                              1 ;;; gcc for m6809 : Mar 17 2019 13:25:32
                              2 ;;; 4.3.6 (gcc6809)
                              3 ;;; ABI version 1
                              4 ;;; -mabi=bx -mint8 -fomit-frame-pointer -O0
                              5 	.module	vec_rum_06_01_Random_3.c
                              6 	.area	.text
                              7 	.globl	__Random_3
   0000                       8 __Random_3:
   0000 32 7F         [ 5]    9 	leas	-1,s
                             10 ;----- asm -----
                             11 ; 51 "source\vec_rum_06_01_Random_3.c" 1
   0002 BD 00 00      [ 8]   12 	jsr ___Random_3; BIOS call
   0005 1F 89         [ 6]   13 	tfr a,b
                             14 ;--- end asm ---
   0007 32 61         [ 5]   15 	leas	1,s
   0009 39            [ 5]   16 	rts
ASxxxx Assembler V05.00  (Motorola 6809), page 1.
Hexidecimal [16-Bits]

Symbol Table

    .__.$$$.       =   2710 L   |     .__.ABS.       =   0000 G
    .__.CPU.       =   0000 L   |     .__.H$L.       =   0001 L
  2 __Random_3         0000 GR  |     ___Random_3        **** GX

ASxxxx Assembler V05.00  (Motorola 6809), page 2.
Hexidecimal [16-Bits]

Area Table

[_CSEG]
   0 _CODE            size    0   flags C080
   2 .text            size    A   flags  100
[_DSEG]
   1 _DATA            size    0   flags C0C0

