                              1 ;;; gcc for m6809 : Mar 17 2019 13:25:32
                              2 ;;; 4.3.6 (gcc6809)
                              3 ;;; ABI version 1
                              4 ;;; -mabi=bx -mint8 -fomit-frame-pointer -O0
                              5 	.module	vec_rum_16_05_Print_Msg.c
                              6 	.area	.text
                              7 	.globl	__Print_Msg
   0000                       8 __Print_Msg:
   0000 34 60         [ 7]    9 	pshs	y,u
   0002 32 7E         [ 5]   10 	leas	-2,s
   0004 AF E4         [ 5]   11 	stx	,s
                             12 ;----- asm -----
                             13 ; 58 "source\vec_rum_16_05_Print_Msg.c" 1
   0006 1F 12         [ 6]   14 	tfr x,y
   0008 EE 68         [ 6]   15 	ldu 8,s
   000A BD 00 00      [ 8]   16 	jsr ___Print_Msg; BIOS call
                             17 ;--- end asm ---
   000D 32 62         [ 5]   18 	leas	2,s
   000F 35 E0         [ 8]   19 	puls	y,u,pc
ASxxxx Assembler V05.00  (Motorola 6809), page 1.
Hexidecimal [16-Bits]

Symbol Table

    .__.$$$.       =   2710 L   |     .__.ABS.       =   0000 G
    .__.CPU.       =   0000 L   |     .__.H$L.       =   0001 L
  2 __Print_Msg        0000 GR  |     ___Print_Msg       **** GX

ASxxxx Assembler V05.00  (Motorola 6809), page 2.
Hexidecimal [16-Bits]

Area Table

[_CSEG]
   0 _CODE            size    0   flags C080
   2 .text            size   11   flags  100
[_DSEG]
   1 _DATA            size    0   flags C0C0

