                              1 ;;; gcc for m6809 : Mar 17 2019 13:25:32
                              2 ;;; 4.3.6 (gcc6809)
                              3 ;;; ABI version 1
                              4 ;;; -mabi=bx -mint8 -fomit-frame-pointer -O0
                              5 	.module	vec_rum_09_01_Select_Game.c
                              6 	.area	.text
                              7 	.globl	__Select_Game
   0000                       8 __Select_Game:
   0000 34 60         [ 7]    9 	pshs	y,u
   0002 32 7F         [ 5]   10 	leas	-1,s
   0004 E7 E4         [ 4]   11 	stb	,s
                             12 ;----- asm -----
                             13 ; 58 "source\vec_rum_09_01_Select_Game.c" 1
   0006 A6 67         [ 5]   14 	lda 7,s
   0008 BD 00 00      [ 8]   15 	jsr ___Select_Game; BIOS call
                             16 ;--- end asm ---
   000B 32 61         [ 5]   17 	leas	1,s
   000D 35 E0         [ 8]   18 	puls	y,u,pc
ASxxxx Assembler V05.00  (Motorola 6809), page 1.
Hexidecimal [16-Bits]

Symbol Table

    .__.$$$.       =   2710 L   |     .__.ABS.       =   0000 G
    .__.CPU.       =   0000 L   |     .__.H$L.       =   0001 L
  2 __Select_Game      0000 GR  |     ___Select_Game     **** GX

ASxxxx Assembler V05.00  (Motorola 6809), page 2.
Hexidecimal [16-Bits]

Area Table

[_CSEG]
   0 _CODE            size    0   flags C080
   2 .text            size    F   flags  100
[_DSEG]
   1 _DATA            size    0   flags C0C0

