                              1 
                              2 ;;; gcc for m6809 : Feb 15 2016 21:40:10
                              3 ;;; 4.3.6 (gcc6809)
                              4 ;;; ABI version 1
                              5 ;;; -mint8
                              6 	.module	crt0.c
                              7 ;----- asm -----
                              8 	.bank rom(BASE=0x0000,SIZE=0x8000,FSFX=_rom)
                              9 	.area .cartridge	(BANK=rom) 
                             10 	.area .text  			(BANK=rom)
                             11 	.area .text.hot		(BANK=rom)
                             12 	.area .text.unlikely	(BANK=rom)
                             13 	
                             14 	.bank ram(BASE=0xc880,SIZE=0x036b,FSFX=_ram)
                             15 	.area .data  (BANK=ram)
                             16 	.area .bss   (BANK=ram)
                             17 	
                             18 		.area .text					
   0000                      19 	_crt0_init_data:				
   0000 CE 00 00      [ 3]   20 		ldu		#s_.text			
   0003 33 C9 00 00   [ 8]   21 		leau	l_.text,u			
   0007 33 C9 00 00   [ 8]   22 		leau	l_.text.hot,u		
   000B 33 C9 00 00   [ 8]   23 		leau	l_.text.unlikely,u	
   000F 10 8E 00 00   [ 4]   24 		ldy		#s_.data			
   0013 8E 00 00      [ 3]   25 		ldx		#l_.data			
   0016 27 08         [ 3]   26 		beq		_crt0_init_bss		
   0018                      27 	_crt0_copy_data:				
   0018 A6 C0         [ 6]   28 		lda		,u+					
   001A A7 A0         [ 6]   29 		sta		,y+					
   001C 30 1F         [ 5]   30 		leax	-1,x				
   001E 26 F8         [ 3]   31 		bne		_crt0_copy_data		
   0020                      32 	_crt0_init_bss:				
   0020 10 8E 00 00   [ 4]   33 		ldy		#s_.bss				
   0024 8E 00 00      [ 3]   34 		ldx		#l_.bss				
   0027 27 06         [ 3]   35 		beq		_crt0_startup		
   0029                      36 	_crt0_zero_bss:				
   0029 6F A0         [ 8]   37 		clr		,y+					
   002B 30 1F         [ 5]   38 		leax	-1,x				
   002D 26 FA         [ 3]   39 		bne		_crt0_zero_bss		
   002F                      40 	_crt0_startup:					
   002F BD 00 00      [ 8]   41 		jsr		_main				
   0032 5D            [ 2]   42 		tstb						
   0033 2F 03         [ 3]   43 		ble		_crt0_restart		
   0035 7F CB FE      [ 7]   44 		clr		0xcbfe;	cold reset	
   0038                      45 	_crt0_restart:					
   0038 7E F0 00      [ 4]   46 		jmp 	0xf000;	rum			
                             47 	
ASxxxx Assembler V05.00  (Motorola 6809), page 1.
Hexidecimal [16-Bits]

Symbol Table

    .__.$$$.       =   2710 L   |     .__.ABS.       =   0000 G
    .__.CPU.       =   0000 L   |     .__.H$L.       =   0001 L
  3 _crt0_copy_dat     0018 R   |   3 _crt0_init_bss     0020 R
  3 _crt0_init_dat     0000 R   |   3 _crt0_restart      0038 R
  3 _crt0_startup      002F R   |   3 _crt0_zero_bss     0029 R
    _main              **** GX  |     l_.bss             **** GX
    l_.data            **** GX  |     l_.text            **** GX
    l_.text.hot        **** GX  |     l_.text.unlike     **** GX
    s_.bss             **** GX  |     s_.data            **** GX
    s_.text            **** GX

ASxxxx Assembler V05.00  (Motorola 6809), page 2.
Hexidecimal [16-Bits]

Area Table

[_CSEG]
   0 _CODE            size    0   flags C080
[_DSEG]
   1 _DATA            size    0   flags C0C0
[rom]
   2 .cartridge       size    0   flags 8080
   3 .text            size   3B   flags 8180
   4 .text.hot        size    0   flags 8080
   5 .text.unlikely   size    0   flags 8080
[ram]
   6 .data            size    0   flags 8080
   7 .bss             size    0   flags 8080

