                              1 ;;; gcc for m6809 : Mar 11 2019 13:34:05
                              2 ;;; 4.3.6 (gcc6809)
                              3 ;;; ABI version 1
                              4 ;;; -mabi=bx -mint8 -fomit-frame-pointer -O2
                              5 	.module	gcc.c
                              6 ;----- asm -----
                              7 	.globl		_abort				
                     F000     8 	_abort		.equ 	0xf000		
                              9 	
                             10 	.globl		_free				
                     F000    11 	_free		.equ 	0xf000		
                             12 	
                             13 	.globl		_malloc				
                     F000    14 	_malloc	.equ 	0xf000		
                             15 	
                             16 ;--- end asm ---
                             17 	.area	.text
                             18 	.globl	_memcmp
   0000                      19 _memcmp:
   0000 34 60         [ 7]   20 	pshs	y,u
   0002 32 7A         [ 5]   21 	leas	-6,s
   0004 AF E4         [ 5]   22 	stx	,s
   0006 EE 6E         [ 6]   23 	ldu	14,s
   0008 8E 00 00      [ 3]   24 	ldx	#0
   000B AF 62         [ 6]   25 	stx	2,s
   000D                      26 L2:
   000D 11 83 00 00   [ 5]   27 	cmpu	#0
   0011 27 36         [ 3]   28 	beq	L9
   0013 EC E4         [ 5]   29 	ldd	,s
   0015 10 AE 62      [ 7]   30 	ldy	2,s
   0018 30 AB         [ 8]   31 	leax	d,y
   001A E6 84         [ 4]   32 	ldb	,x
   001C E7 64         [ 5]   33 	stb	4,s
   001E EC 6C         [ 6]   34 	ldd	12,s
   0020 30 AB         [ 8]   35 	leax	d,y
   0022 E6 84         [ 4]   36 	ldb	,x
   0024 E7 65         [ 5]   37 	stb	5,s
   0026 1F 20         [ 6]   38 	tfr	y,d
   0028 C3 00 01      [ 4]   39 	addd	#1
   002B ED 62         [ 6]   40 	std	2,s
   002D 33 5F         [ 5]   41 	leau	-1,u
   002F E6 64         [ 5]   42 	ldb	4,s
   0031 E1 65         [ 5]   43 	cmpb	5,s	;cmpqi:
   0033 27 D8         [ 3]   44 	beq	L2
   0035 C6 FF         [ 2]   45 	ldb	#-1
   0037 E7 62         [ 5]   46 	stb	2,s
   0039 E6 64         [ 5]   47 	ldb	4,s
   003B E1 65         [ 5]   48 	cmpb	5,s	;cmpqi:
   003D 25 04         [ 3]   49 	blo	L4
   003F C6 01         [ 2]   50 	ldb	#1
   0041 E7 62         [ 5]   51 	stb	2,s
   0043                      52 L4:
   0043 E6 62         [ 5]   53 	ldb	2,s
   0045 32 66         [ 5]   54 	leas	6,s
   0047 35 E0         [ 8]   55 	puls	y,u,pc
   0049                      56 L9:
   0049 6F 62         [ 7]   57 	clr	2,s
   004B E6 62         [ 5]   58 	ldb	2,s
   004D 32 66         [ 5]   59 	leas	6,s
   004F 35 E0         [ 8]   60 	puls	y,u,pc
                             61 	.globl	_memcpy
   0051                      62 _memcpy:
   0051 34 60         [ 7]   63 	pshs	y,u
   0053 32 7C         [ 5]   64 	leas	-4,s
   0055 AF E4         [ 5]   65 	stx	,s
   0057 AE 6C         [ 6]   66 	ldx	12,s
   0059 27 1F         [ 3]   67 	beq	L11
   005B CE 00 00      [ 3]   68 	ldu	#0
   005E EF 62         [ 6]   69 	stu	2,s
   0060                      70 L12:
   0060 EC E4         [ 5]   71 	ldd	,s
   0062 AE 62         [ 6]   72 	ldx	2,s
   0064 31 8B         [ 8]   73 	leay	d,x
   0066 EC 6A         [ 6]   74 	ldd	10,s
   0068 30 8B         [ 8]   75 	leax	d,x
   006A E6 84         [ 4]   76 	ldb	,x
   006C E7 A4         [ 4]   77 	stb	,y
   006E EC 62         [ 6]   78 	ldd	2,s
   0070 C3 00 01      [ 4]   79 	addd	#1
   0073 ED 62         [ 6]   80 	std	2,s
   0075 10 A3 6C      [ 8]   81 	cmpd	12,s	;cmphi:
   0078 26 E6         [ 3]   82 	bne	L12
   007A                      83 L11:
   007A AE E4         [ 5]   84 	ldx	,s
   007C 32 64         [ 5]   85 	leas	4,s
   007E 35 E0         [ 8]   86 	puls	y,u,pc
                             87 	.globl	_memmove
   0080                      88 _memmove:
   0080 34 60         [ 7]   89 	pshs	y,u
   0082 32 7C         [ 5]   90 	leas	-4,s
   0084 AF E4         [ 5]   91 	stx	,s
   0086 AC 6A         [ 7]   92 	cmpx	10,s	;cmphi:
   0088 24 2C         [ 3]   93 	bhs	L16
   008A AE 6C         [ 6]   94 	ldx	12,s
   008C 27 22         [ 3]   95 	beq	L17
   008E CE 00 00      [ 3]   96 	ldu	#0
   0091 EF 62         [ 6]   97 	stu	2,s
   0093                      98 L18:
   0093 EC E4         [ 5]   99 	ldd	,s
   0095 AE 62         [ 6]  100 	ldx	2,s
   0097 31 8B         [ 8]  101 	leay	d,x
   0099 EC 6A         [ 6]  102 	ldd	10,s
   009B 30 8B         [ 8]  103 	leax	d,x
   009D E6 84         [ 4]  104 	ldb	,x
   009F E7 A4         [ 4]  105 	stb	,y
   00A1 EC 62         [ 6]  106 	ldd	2,s
   00A3 C3 00 01      [ 4]  107 	addd	#1
   00A6 ED 62         [ 6]  108 	std	2,s
   00A8 AE 6C         [ 6]  109 	ldx	12,s
   00AA 34 06         [ 7]  110 	pshs	d	;cmphi: R:d with R:x
   00AC AC E1         [ 9]  111 	cmpx	,s++	;cmphi:
   00AE 26 E3         [ 3]  112 	bne	L18
   00B0                     113 L17:
   00B0 AE E4         [ 5]  114 	ldx	,s
   00B2 32 64         [ 5]  115 	leas	4,s
   00B4 35 E0         [ 8]  116 	puls	y,u,pc
   00B6                     117 L16:
   00B6 EE 6C         [ 6]  118 	ldu	12,s
   00B8 27 F6         [ 3]  119 	beq	L17
   00BA 1F 30         [ 6]  120 	tfr	u,d
   00BC C3 FF FF      [ 4]  121 	addd	#-1
   00BF ED 62         [ 6]  122 	std	2,s
   00C1 EC 6A         [ 6]  123 	ldd	10,s
   00C3 EE 62         [ 6]  124 	ldu	2,s
   00C5 30 CB         [ 8]  125 	leax	d,u
   00C7 EC E4         [ 5]  126 	ldd	,s
   00C9 31 CB         [ 8]  127 	leay	d,u
   00CB 20 07         [ 3]  128 	bra	L19
   00CD                     129 L24:
   00CD EC 62         [ 6]  130 	ldd	2,s
   00CF C3 FF FF      [ 4]  131 	addd	#-1
   00D2 ED 62         [ 6]  132 	std	2,s
   00D4                     133 L19:
   00D4 E6 84         [ 4]  134 	ldb	,x
   00D6 E7 A4         [ 4]  135 	stb	,y
   00D8 31 3F         [ 5]  136 	leay	-1,y
   00DA 30 1F         [ 5]  137 	leax	-1,x
   00DC EE 62         [ 6]  138 	ldu	2,s
   00DE 26 ED         [ 3]  139 	bne	L24
   00E0 AE E4         [ 5]  140 	ldx	,s
   00E2 32 64         [ 5]  141 	leas	4,s
   00E4 35 E0         [ 8]  142 	puls	y,u,pc
                            143 	.globl	_memset
   00E6                     144 _memset:
   00E6 34 60         [ 7]  145 	pshs	y,u
   00E8 31 84         [ 4]  146 	leay	,x
   00EA EE 66         [ 6]  147 	ldu	6,s
   00EC 27 0E         [ 3]  148 	beq	L26
   00EE 1E 02         [ 8]  149 	exg	d,y
   00F0 33 CB         [ 8]  150 	leau	d,u
   00F2 1E 02         [ 8]  151 	exg	d,y
   00F4                     152 L27:
   00F4 E7 80         [ 6]  153 	stb	,x+
   00F6 34 40         [ 6]  154 	pshs	u	;cmphi: R:u with R:x
   00F8 AC E1         [ 9]  155 	cmpx	,s++	;cmphi:
   00FA 26 F8         [ 3]  156 	bne	L27
   00FC                     157 L26:
   00FC 30 A4         [ 4]  158 	leax	,y
   00FE 35 E0         [ 8]  159 	puls	y,u,pc
ASxxxx Assembler V05.00  (Motorola 6809), page 1.
Hexidecimal [16-Bits]

Symbol Table

    .__.$$$.       =   2710 L   |     .__.ABS.       =   0000 G
    .__.CPU.       =   0000 L   |     .__.H$L.       =   0001 L
  2 L11                007A R   |   2 L12                0060 R
  2 L16                00B6 R   |   2 L17                00B0 R
  2 L18                0093 R   |   2 L19                00D4 R
  2 L2                 000D R   |   2 L24                00CD R
  2 L26                00FC R   |   2 L27                00F4 R
  2 L4                 0043 R   |   2 L9                 0049 R
    _abort         =   F000 G   |     _free          =   F000 G
    _malloc        =   F000 G   |   2 _memcmp            0000 GR
  2 _memcpy            0051 GR  |   2 _memmove           0080 GR
  2 _memset            00E6 GR

ASxxxx Assembler V05.00  (Motorola 6809), page 2.
Hexidecimal [16-Bits]

Area Table

[_CSEG]
   0 _CODE            size    0   flags C080
   2 .text            size  100   flags  100
[_DSEG]
   1 _DATA            size    0   flags C0C0

