                              1 
                              2 ;;; gcc for m6809 : Feb 15 2016 21:40:10
                              3 ;;; 4.3.6 (gcc6809)
                              4 ;;; ABI version 1
                              5 ;;; -mint8
                              6 	.module	gcc.c
                              7 ;----- asm -----
                              8 	.globl		_abort				
                     F000     9 	_abort		.equ 	0xf000		
                             10 	
                             11 	.globl		_free				
                     F000    12 	_free		.equ 	0xf000		
                             13 	
                             14 	.globl		_malloc				
                     F000    15 	_malloc	.equ 	0xf000		
                             16 	
                             17 ;--- end asm ---
                             18 	.area .text
                             19 	.globl _memcmp
   0000                      20 _memcmp:
   0000 34 60         [ 7]   21 	pshs	y,u
   0002 32 7A         [ 5]   22 	leas	-6,s
   0004 AF E4         [ 5]   23 	stx	,s
   0006 EE 6E         [ 6]   24 	ldu	14,s
   0008 8E 00 00      [ 3]   25 	ldx	#0
   000B AF 62         [ 6]   26 	stx	2,s
   000D                      27 L2:
   000D 11 83 00 00   [ 5]   28 	cmpu	#0
   0011 27 36         [ 3]   29 	beq	L9
   0013 EC E4         [ 5]   30 	ldd	,s
   0015 10 AE 62      [ 7]   31 	ldy	2,s
   0018 30 AB         [ 8]   32 	leax	d,y
   001A E6 84         [ 4]   33 	ldb	,x
   001C E7 64         [ 5]   34 	stb	4,s
   001E EC 6C         [ 6]   35 	ldd	12,s
   0020 30 AB         [ 8]   36 	leax	d,y
   0022 E6 84         [ 4]   37 	ldb	,x
   0024 E7 65         [ 5]   38 	stb	5,s
   0026 1F 20         [ 6]   39 	tfr	y,d
   0028 C3 00 01      [ 4]   40 	addd	#1
   002B ED 62         [ 6]   41 	std	2,s
   002D 33 5F         [ 5]   42 	leau	-1,u
   002F E6 64         [ 5]   43 	ldb	4,s
   0031 E1 65         [ 5]   44 	cmpb	5,s	;cmpqi:
   0033 27 D8         [ 3]   45 	beq	L2
   0035 C6 FF         [ 2]   46 	ldb	#-1
   0037 E7 62         [ 5]   47 	stb	2,s
   0039 E6 64         [ 5]   48 	ldb	4,s
   003B E1 65         [ 5]   49 	cmpb	5,s	;cmpqi:
   003D 25 04         [ 3]   50 	blo	L4
   003F C6 01         [ 2]   51 	ldb	#1
   0041 E7 62         [ 5]   52 	stb	2,s
   0043                      53 L4:
   0043 E6 62         [ 5]   54 	ldb	2,s
   0045 32 66         [ 5]   55 	leas	6,s
   0047 35 E0         [ 8]   56 	puls	y,u,pc
   0049                      57 L9:
   0049 6F 62         [ 7]   58 	clr	2,s
   004B E6 62         [ 5]   59 	ldb	2,s
   004D 32 66         [ 5]   60 	leas	6,s
   004F 35 E0         [ 8]   61 	puls	y,u,pc
                             62 	.globl _memcpy
   0051                      63 _memcpy:
   0051 34 60         [ 7]   64 	pshs	y,u
   0053 32 7C         [ 5]   65 	leas	-4,s
   0055 AF E4         [ 5]   66 	stx	,s
   0057 AE 6C         [ 6]   67 	ldx	12,s
   0059 27 1F         [ 3]   68 	beq	L11
   005B CE 00 00      [ 3]   69 	ldu	#0
   005E EF 62         [ 6]   70 	stu	2,s
   0060                      71 L12:
   0060 EC E4         [ 5]   72 	ldd	,s
   0062 AE 62         [ 6]   73 	ldx	2,s
   0064 31 8B         [ 8]   74 	leay	d,x
   0066 EC 6A         [ 6]   75 	ldd	10,s
   0068 30 8B         [ 8]   76 	leax	d,x
   006A E6 84         [ 4]   77 	ldb	,x
   006C E7 A4         [ 4]   78 	stb	,y
   006E EC 62         [ 6]   79 	ldd	2,s
   0070 C3 00 01      [ 4]   80 	addd	#1
   0073 ED 62         [ 6]   81 	std	2,s
   0075 10 A3 6C      [ 8]   82 	cmpd	12,s	;cmphi:
   0078 26 E6         [ 3]   83 	bne	L12
   007A                      84 L11:
   007A AE E4         [ 5]   85 	ldx	,s
   007C 32 64         [ 5]   86 	leas	4,s
   007E 35 E0         [ 8]   87 	puls	y,u,pc
                             88 	.globl _memmove
   0080                      89 _memmove:
   0080 34 60         [ 7]   90 	pshs	y,u
   0082 32 7C         [ 5]   91 	leas	-4,s
   0084 AF E4         [ 5]   92 	stx	,s
   0086 AC 6A         [ 7]   93 	cmpx	10,s	;cmphi:
   0088 24 2C         [ 3]   94 	bhs	L16
   008A AE 6C         [ 6]   95 	ldx	12,s
   008C 27 22         [ 3]   96 	beq	L17
   008E CE 00 00      [ 3]   97 	ldu	#0
   0091 EF 62         [ 6]   98 	stu	2,s
   0093                      99 L18:
   0093 EC E4         [ 5]  100 	ldd	,s
   0095 AE 62         [ 6]  101 	ldx	2,s
   0097 31 8B         [ 8]  102 	leay	d,x
   0099 EC 6A         [ 6]  103 	ldd	10,s
   009B 30 8B         [ 8]  104 	leax	d,x
   009D E6 84         [ 4]  105 	ldb	,x
   009F E7 A4         [ 4]  106 	stb	,y
   00A1 EC 62         [ 6]  107 	ldd	2,s
   00A3 C3 00 01      [ 4]  108 	addd	#1
   00A6 ED 62         [ 6]  109 	std	2,s
   00A8 AE 6C         [ 6]  110 	ldx	12,s
   00AA 34 06         [ 7]  111 	pshs	d	;cmphi: R:d with R:x
   00AC AC E1         [ 9]  112 	cmpx	,s++	;cmphi:
   00AE 26 E3         [ 3]  113 	bne	L18
   00B0                     114 L17:
   00B0 AE E4         [ 5]  115 	ldx	,s
   00B2 32 64         [ 5]  116 	leas	4,s
   00B4 35 E0         [ 8]  117 	puls	y,u,pc
   00B6                     118 L16:
   00B6 EE 6C         [ 6]  119 	ldu	12,s
   00B8 27 F6         [ 3]  120 	beq	L17
   00BA 1F 30         [ 6]  121 	tfr	u,d
   00BC C3 FF FF      [ 4]  122 	addd	#-1
   00BF ED 62         [ 6]  123 	std	2,s
   00C1 EC 6A         [ 6]  124 	ldd	10,s
   00C3 EE 62         [ 6]  125 	ldu	2,s
   00C5 30 CB         [ 8]  126 	leax	d,u
   00C7 EC E4         [ 5]  127 	ldd	,s
   00C9 31 CB         [ 8]  128 	leay	d,u
   00CB 20 07         [ 3]  129 	bra	L19
   00CD                     130 L24:
   00CD EC 62         [ 6]  131 	ldd	2,s
   00CF C3 FF FF      [ 4]  132 	addd	#-1
   00D2 ED 62         [ 6]  133 	std	2,s
   00D4                     134 L19:
   00D4 E6 84         [ 4]  135 	ldb	,x
   00D6 E7 A4         [ 4]  136 	stb	,y
   00D8 31 3F         [ 5]  137 	leay	-1,y
   00DA 30 1F         [ 5]  138 	leax	-1,x
   00DC EE 62         [ 6]  139 	ldu	2,s
   00DE 26 ED         [ 3]  140 	bne	L24
   00E0 AE E4         [ 5]  141 	ldx	,s
   00E2 32 64         [ 5]  142 	leas	4,s
   00E4 35 E0         [ 8]  143 	puls	y,u,pc
                            144 	.globl _memset
   00E6                     145 _memset:
   00E6 34 60         [ 7]  146 	pshs	y,u
   00E8 31 84         [ 4]  147 	leay	,x
   00EA EE 66         [ 6]  148 	ldu	6,s
   00EC 27 0E         [ 3]  149 	beq	L26
   00EE 1E 02         [ 8]  150 	exg	d,y
   00F0 33 CB         [ 8]  151 	leau	d,u
   00F2 1E 02         [ 8]  152 	exg	d,y
   00F4                     153 L27:
   00F4 E7 80         [ 6]  154 	stb	,x+
   00F6 34 40         [ 6]  155 	pshs	u	;cmphi: R:u with R:x
   00F8 AC E1         [ 9]  156 	cmpx	,s++	;cmphi:
   00FA 26 F8         [ 3]  157 	bne	L27
   00FC                     158 L26:
   00FC 30 A4         [ 4]  159 	leax	,y
   00FE 35 E0         [ 8]  160 	puls	y,u,pc
ASxxxx Assembler V05.00  (Motorola 6809), page 1.
Hexidecimal [16-Bits]

Symbol Table

    .__.$$$.       =   2710 L   |     .__.ABS.       =   0000 G
    .__.CPU.       =   0000 L   |     .__.H$L.       =   0001 L
  2 L11                007A R   |   2 L12                0060 R
  2 L16                00B6 R   |   2 L17                00B0 R
  2 L18                0093 R   |   2 L19                00D4 R
  2 L2                 000D R   |   2 L24                00CD R
  2 L26                00FC R   |   2 L27                00F4 R
  2 L4                 0043 R   |   2 L9                 0049 R
    _abort         =   F000 G   |     _free          =   F000 G
    _malloc        =   F000 G   |   2 _memcmp            0000 GR
  2 _memcpy            0051 GR  |   2 _memmove           0080 GR
  2 _memset            00E6 GR

ASxxxx Assembler V05.00  (Motorola 6809), page 2.
Hexidecimal [16-Bits]

Area Table

[_CSEG]
   0 _CODE            size    0   flags C080
   2 .text            size  100   flags  100
[_DSEG]
   1 _DATA            size    0   flags C0C0

