                              1 
                              2 ;;; gcc for m6809 : Feb 15 2016 21:40:10
                              3 ;;; 4.3.6 (gcc6809)
                              4 ;;; ABI version 1
                              5 ;;; -mint8
                              6 	.module	vec_rom_0xfd_0.c
                              7 ;----- asm -----
                              8 	.bank page_fd (BASE=0xfd0d,SIZE=0x0100)
                              9 	.area .dpfd (OVR,BANK=page_fd)
                             10 	
                             11 ;--- end asm ---
                             12 	.globl _Vec_Music_1
                             13 	.area	.dpfd
   0000                      14 _Vec_Music_1:
   0000 00 00                15 	.word	0	;skip space 16
   0002 00 00                16 	.word	0	;skip space 14
   0004 00 00                17 	.word	0	;skip space 12
   0006 00 00                18 	.word	0	;skip space 10
   0008 00 00                19 	.word	0	;skip space 8
   000A 00 00                20 	.word	0	;skip space 6
   000C 00 00                21 	.word	0	;skip space 4
   000E 00 00                22 	.word	0	;skip space 2
                             23 	.globl _Vec_Music_2
   0010                      24 _Vec_Music_2:
   0010 00 00                25 	.word	0	;skip space 76
   0012 00 00                26 	.word	0	;skip space 74
   0014 00 00                27 	.word	0	;skip space 72
   0016 00 00                28 	.word	0	;skip space 70
   0018 00 00                29 	.word	0	;skip space 68
   001A 00 00                30 	.word	0	;skip space 66
   001C 00 00                31 	.word	0	;skip space 64
   001E 00 00                32 	.word	0	;skip space 62
   0020 00 00                33 	.word	0	;skip space 60
   0022 00 00                34 	.word	0	;skip space 58
   0024 00 00                35 	.word	0	;skip space 56
   0026 00 00                36 	.word	0	;skip space 54
   0028 00 00                37 	.word	0	;skip space 52
   002A 00 00                38 	.word	0	;skip space 50
   002C 00 00                39 	.word	0	;skip space 48
   002E 00 00                40 	.word	0	;skip space 46
   0030 00 00                41 	.word	0	;skip space 44
   0032 00 00                42 	.word	0	;skip space 42
   0034 00 00                43 	.word	0	;skip space 40
   0036 00 00                44 	.word	0	;skip space 38
   0038 00 00                45 	.word	0	;skip space 36
   003A 00 00                46 	.word	0	;skip space 34
   003C 00 00                47 	.word	0	;skip space 32
   003E 00 00                48 	.word	0	;skip space 30
   0040 00 00                49 	.word	0	;skip space 28
   0042 00 00                50 	.word	0	;skip space 26
   0044 00 00                51 	.word	0	;skip space 24
   0046 00 00                52 	.word	0	;skip space 22
   0048 00 00                53 	.word	0	;skip space 20
   004A 00 00                54 	.word	0	;skip space 18
   004C 00 00                55 	.word	0	;skip space 16
   004E 00 00                56 	.word	0	;skip space 14
   0050 00 00                57 	.word	0	;skip space 12
   0052 00 00                58 	.word	0	;skip space 10
   0054 00 00                59 	.word	0	;skip space 8
   0056 00 00                60 	.word	0	;skip space 6
   0058 00 00                61 	.word	0	;skip space 4
   005A 00 00                62 	.word	0	;skip space 2
                             63 	.globl _Vec_ADSR_FADE0
   005C                      64 _Vec_ADSR_FADE0:
   005C 00 00                65 	.word	0	;skip space 16
   005E 00 00                66 	.word	0	;skip space 14
   0060 00 00                67 	.word	0	;skip space 12
   0062 00 00                68 	.word	0	;skip space 10
   0064 00 00                69 	.word	0	;skip space 8
   0066 00 00                70 	.word	0	;skip space 6
   0068 00 00                71 	.word	0	;skip space 4
   006A 00 00                72 	.word	0	;skip space 2
                             73 	.globl _Vec_TWANG_VIBE0
   006C                      74 _Vec_TWANG_VIBE0:
   006C 00 00                75 	.word	0	;skip space 8
   006E 00 00                76 	.word	0	;skip space 6
   0070 00 00                77 	.word	0	;skip space 4
   0072 00 00                78 	.word	0	;skip space 2
                             79 	.globl _Vec_Music_3
   0074                      80 _Vec_Music_3:
   0074 00 00                81 	.word	0	;skip space 66
   0076 00 00                82 	.word	0	;skip space 64
   0078 00 00                83 	.word	0	;skip space 62
   007A 00 00                84 	.word	0	;skip space 60
   007C 00 00                85 	.word	0	;skip space 58
   007E 00 00                86 	.word	0	;skip space 56
   0080 00 00                87 	.word	0	;skip space 54
   0082 00 00                88 	.word	0	;skip space 52
   0084 00 00                89 	.word	0	;skip space 50
   0086 00 00                90 	.word	0	;skip space 48
   0088 00 00                91 	.word	0	;skip space 46
   008A 00 00                92 	.word	0	;skip space 44
   008C 00 00                93 	.word	0	;skip space 42
   008E 00 00                94 	.word	0	;skip space 40
   0090 00 00                95 	.word	0	;skip space 38
   0092 00 00                96 	.word	0	;skip space 36
   0094 00 00                97 	.word	0	;skip space 34
   0096 00 00                98 	.word	0	;skip space 32
   0098 00 00                99 	.word	0	;skip space 30
   009A 00 00               100 	.word	0	;skip space 28
   009C 00 00               101 	.word	0	;skip space 26
   009E 00 00               102 	.word	0	;skip space 24
   00A0 00 00               103 	.word	0	;skip space 22
   00A2 00 00               104 	.word	0	;skip space 20
   00A4 00 00               105 	.word	0	;skip space 18
   00A6 00 00               106 	.word	0	;skip space 16
   00A8 00 00               107 	.word	0	;skip space 14
   00AA 00 00               108 	.word	0	;skip space 12
   00AC 00 00               109 	.word	0	;skip space 10
   00AE 00 00               110 	.word	0	;skip space 8
   00B0 00 00               111 	.word	0	;skip space 6
   00B2 00 00               112 	.word	0	;skip space 4
   00B4 00 00               113 	.word	0	;skip space 2
                            114 	.globl _Vec_ADSR_FADE12
   00B6                     115 _Vec_ADSR_FADE12:
   00B6 00 00               116 	.word	0	;skip space 16
   00B8 00 00               117 	.word	0	;skip space 14
   00BA 00 00               118 	.word	0	;skip space 12
   00BC 00 00               119 	.word	0	;skip space 10
   00BE 00 00               120 	.word	0	;skip space 8
   00C0 00 00               121 	.word	0	;skip space 6
   00C2 00 00               122 	.word	0	;skip space 4
   00C4 00 00               123 	.word	0	;skip space 2
                            124 	.globl _Vec_Music_4
   00C6                     125 _Vec_Music_4:
   00C6 00                  126 	.byte	0	;skip space
ASxxxx Assembler V05.00  (Motorola 6809), page 1.
Hexidecimal [16-Bits]

Symbol Table

    .__.$$$.       =   2710 L   |     .__.ABS.       =   0000 G
    .__.CPU.       =   0000 L   |     .__.H$L.       =   0001 L
  2 _Vec_ADSR_FADE     005C GR  |   2 _Vec_ADSR_FADE     00B6 GR
  2 _Vec_Music_1       0000 GR  |   2 _Vec_Music_2       0010 GR
  2 _Vec_Music_3       0074 GR  |   2 _Vec_Music_4       00C6 GR
  2 _Vec_TWANG_VIB     006C GR

ASxxxx Assembler V05.00  (Motorola 6809), page 2.
Hexidecimal [16-Bits]

Area Table

[_CSEG]
   0 _CODE            size    0   flags C080
[_DSEG]
   1 _DATA            size    0   flags C0C0
[page_fd]
   2 .dpfd            size   C7   flags 8584

