                              1 
                              2 ;;; gcc for m6809 : Feb 15 2016 21:40:10
                              3 ;;; 4.3.6 (gcc6809)
                              4 ;;; ABI version 1
                              5 ;;; -mint8
                              6 	.module	vec_ram_0xcb_3.c
                              7 ;----- asm -----
                              8 	.bank page_cb (BASE=0xcbea,SIZE=0x0100)
                              9 	.area .dpcb (OVR,BANK=page_cb)
                             10 	
                             11 ;--- end asm ---
                             12 	.globl _Vec_Default_Stk
                             13 	.area	.dpcb
   0000                      14 _Vec_Default_Stk:
   0000 00 00                15 	.word	0	;skip space 8
   0002 00 00                16 	.word	0	;skip space 6
   0004 00 00                17 	.word	0	;skip space 4
   0006 00 00                18 	.word	0	;skip space 2
                             19 	.globl _Vec_SWI2_vector
   0008                      20 _Vec_SWI2_vector:
   0008 00 00                21 	.word	0	;skip space 9
   000A 00 00                22 	.word	0	;skip space 7
   000C 00 00                23 	.word	0	;skip space 5
   000E 00 00                24 	.word	0	;skip space 3
   0010 00                   25 	.byte	0	;skip space
                             26 	.globl _Vec_NWI_vector
   0011                      27 _Vec_NWI_vector:
   0011 00 00                28 	.word	0	;skip space 3
   0013 00                   29 	.byte	0	;skip space
ASxxxx Assembler V05.00  (Motorola 6809), page 1.
Hexidecimal [16-Bits]

Symbol Table

    .__.$$$.       =   2710 L   |     .__.ABS.       =   0000 G
    .__.CPU.       =   0000 L   |     .__.H$L.       =   0001 L
  2 _Vec_Default_S     0000 GR  |   2 _Vec_NWI_vecto     0011 GR
  2 _Vec_SWI2_vect     0008 GR

ASxxxx Assembler V05.00  (Motorola 6809), page 2.
Hexidecimal [16-Bits]

Area Table

[_CSEG]
   0 _CODE            size    0   flags C080
[_DSEG]
   1 _DATA            size    0   flags C0C0
[page_cb]
   2 .dpcb            size   14   flags 8584

