                              1 
                              2 ;;; gcc for m6809 : Feb 15 2016 21:40:10
                              3 ;;; 4.3.6 (gcc6809)
                              4 ;;; ABI version 1
                              5 ;;; -mint8
                              6 	.module	vec_ram_0xc8_1.c
                              7 ;----- asm -----
                              8 	.bank page_c8 (BASE=0xc800,SIZE=0x0080)
                              9 	.area .dpc8 (OVR,BANK=page_c8)
                             10 	
                             11 ;--- end asm ---
                             12 	.globl _Vec_Snd_Shadow
                             13 	.area	.dpc8
   0000                      14 _Vec_Snd_Shadow:
   0000 00 00                15 	.word	0	;skip space 31
   0002 00 00                16 	.word	0	;skip space 29
   0004 00 00                17 	.word	0	;skip space 27
   0006 00 00                18 	.word	0	;skip space 25
   0008 00 00                19 	.word	0	;skip space 23
   000A 00 00                20 	.word	0	;skip space 21
   000C 00 00                21 	.word	0	;skip space 19
   000E 00 00                22 	.word	0	;skip space 17
   0010 00 00                23 	.word	0	;skip space 15
   0012 00 00                24 	.word	0	;skip space 13
   0014 00 00                25 	.word	0	;skip space 11
   0016 00 00                26 	.word	0	;skip space 9
   0018 00 00                27 	.word	0	;skip space 7
   001A 00 00                28 	.word	0	;skip space 5
   001C 00 00                29 	.word	0	;skip space 3
   001E 00                   30 	.byte	0	;skip space
                             31 	.globl _Vec_Joy_Mux_1_X
   001F                      32 _Vec_Joy_Mux_1_X:
   001F 00                   33 	.byte	0	;skip space
                             34 	.globl _Vec_Joy_Mux_1_Y
   0020                      35 _Vec_Joy_Mux_1_Y:
   0020 00                   36 	.byte	0	;skip space
                             37 	.globl _Vec_Joy_Mux_2_X
   0021                      38 _Vec_Joy_Mux_2_X:
   0021 00                   39 	.byte	0	;skip space
                             40 	.globl _Vec_Joy_Mux_2_Y
   0022                      41 _Vec_Joy_Mux_2_Y:
   0022 00 00                42 	.word	0	;skip space 3
   0024 00                   43 	.byte	0	;skip space
                             44 	.globl _Vec_Loop_Count_hi
   0025                      45 _Vec_Loop_Count_hi:
   0025 00                   46 	.byte	0	;skip space
                             47 	.globl _Vec_Loop_Count_lo
   0026                      48 _Vec_Loop_Count_lo:
   0026 00 00                49 	.word	0	;skip space 4
   0028 00 00                50 	.word	0	;skip space 2
                             51 	.globl _Vec_Text_Height
   002A                      52 _Vec_Text_Height:
   002A 00                   53 	.byte	0	;skip space
                             54 	.globl _Vec_Text_Width
   002B                      55 _Vec_Text_Width:
   002B 00 00                56 	.word	0	;skip space 3
   002D 00                   57 	.byte	0	;skip space
                             58 	.globl _Vec_Counter_1
   002E                      59 _Vec_Counter_1:
   002E 00                   60 	.byte	0	;skip space
                             61 	.globl _Vec_Counter_2
   002F                      62 _Vec_Counter_2:
   002F 00                   63 	.byte	0	;skip space
                             64 	.globl _Vec_Counter_3
   0030                      65 _Vec_Counter_3:
   0030 00                   66 	.byte	0	;skip space
                             67 	.globl _Vec_Counter_4
   0031                      68 _Vec_Counter_4:
   0031 00                   69 	.byte	0	;skip space
                             70 	.globl _Vec_Counter_5
   0032                      71 _Vec_Counter_5:
   0032 00                   72 	.byte	0	;skip space
                             73 	.globl _Vec_Counter_6
   0033                      74 _Vec_Counter_6:
   0033 00 00                75 	.word	0	;skip space 6
   0035 00 00                76 	.word	0	;skip space 4
   0037 00 00                77 	.word	0	;skip space 2
                             78 	.globl _Vec_XXX_00
   0039                      79 _Vec_XXX_00:
   0039 00 00                80 	.word	0	;skip space 2
                             81 	.globl _Vec_XXX_01
   003B                      82 _Vec_XXX_01:
   003B 00 00                83 	.word	0	;skip space 2
                             84 	.globl _Vec_Rfrsh_lo
   003D                      85 _Vec_Rfrsh_lo:
   003D 00                   86 	.byte	0	;skip space
                             87 	.globl _Vec_Rfrsh_hi
   003E                      88 _Vec_Rfrsh_hi:
   003E 00 00                89 	.word	0	;skip space 17
   0040 00 00                90 	.word	0	;skip space 15
   0042 00 00                91 	.word	0	;skip space 13
   0044 00 00                92 	.word	0	;skip space 11
   0046 00 00                93 	.word	0	;skip space 9
   0048 00 00                94 	.word	0	;skip space 7
   004A 00 00                95 	.word	0	;skip space 5
   004C 00 00                96 	.word	0	;skip space 3
   004E 00                   97 	.byte	0	;skip space
                             98 	.globl _Vec_Max_Players
   004F                      99 _Vec_Max_Players:
   004F 00                  100 	.byte	0	;skip space
                            101 	.globl _Vec_Max_Games
   0050                     102 _Vec_Max_Games:
   0050 00 00               103 	.word	0	;skip space 3
   0052 00                  104 	.byte	0	;skip space
                            105 	.globl _Vec_Expl_ChanA
   0053                     106 _Vec_Expl_ChanA:
   0053 00                  107 	.byte	0	;skip space
                            108 	.globl _Vec_Expl_Chans
   0054                     109 _Vec_Expl_Chans:
   0054 00 00               110 	.word	0	;skip space 4
   0056 00 00               111 	.word	0	;skip space 2
                            112 	.globl _Vec_Music_Twang
   0058                     113 _Vec_Music_Twang:
   0058 00 00               114 	.word	0	;skip space 6
   005A 00 00               115 	.word	0	;skip space 4
   005C 00 00               116 	.word	0	;skip space 2
                            117 	.globl _Vec_ADSR_Timers
   005E                     118 _Vec_ADSR_Timers:
   005E 00 00               119 	.word	0	;skip space 3
   0060 00                  120 	.byte	0	;skip space
                            121 	.globl _Vec_Music_Freq
   0061                     122 _Vec_Music_Freq:
   0061 00 00               123 	.word	0	;skip space 28
   0063 00 00               124 	.word	0	;skip space 26
   0065 00 00               125 	.word	0	;skip space 24
   0067 00 00               126 	.word	0	;skip space 22
   0069 00 00               127 	.word	0	;skip space 20
   006B 00 00               128 	.word	0	;skip space 18
   006D 00 00               129 	.word	0	;skip space 16
   006F 00 00               130 	.word	0	;skip space 14
   0071 00 00               131 	.word	0	;skip space 12
   0073 00 00               132 	.word	0	;skip space 10
   0075 00 00               133 	.word	0	;skip space 8
   0077 00 00               134 	.word	0	;skip space 6
   0079 00 00               135 	.word	0	;skip space 4
   007B 00 00               136 	.word	0	;skip space 2
                            137 	.globl _Vec_Random_Seed
   007D                     138 _Vec_Random_Seed:
   007D 00                  139 	.byte	0	;skip space
ASxxxx Assembler V05.00  (Motorola 6809), page 1.
Hexidecimal [16-Bits]

Symbol Table

    .__.$$$.       =   2710 L   |     .__.ABS.       =   0000 G
    .__.CPU.       =   0000 L   |     .__.H$L.       =   0001 L
  2 _Vec_ADSR_Time     005E GR  |   2 _Vec_Counter_1     002E GR
  2 _Vec_Counter_2     002F GR  |   2 _Vec_Counter_3     0030 GR
  2 _Vec_Counter_4     0031 GR  |   2 _Vec_Counter_5     0032 GR
  2 _Vec_Counter_6     0033 GR  |   2 _Vec_Expl_Chan     0053 GR
  2 _Vec_Expl_Chan     0054 GR  |   2 _Vec_Joy_Mux_1     001F GR
  2 _Vec_Joy_Mux_1     0020 GR  |   2 _Vec_Joy_Mux_2     0021 GR
  2 _Vec_Joy_Mux_2     0022 GR  |   2 _Vec_Loop_Coun     0025 GR
  2 _Vec_Loop_Coun     0026 GR  |   2 _Vec_Max_Games     0050 GR
  2 _Vec_Max_Playe     004F GR  |   2 _Vec_Music_Fre     0061 GR
  2 _Vec_Music_Twa     0058 GR  |   2 _Vec_Random_Se     007D GR
  2 _Vec_Rfrsh_hi      003E GR  |   2 _Vec_Rfrsh_lo      003D GR
  2 _Vec_Snd_Shado     0000 GR  |   2 _Vec_Text_Heig     002A GR
  2 _Vec_Text_Widt     002B GR  |   2 _Vec_XXX_00        0039 GR
  2 _Vec_XXX_01        003B GR

ASxxxx Assembler V05.00  (Motorola 6809), page 2.
Hexidecimal [16-Bits]

Area Table

[_CSEG]
   0 _CODE            size    0   flags C080
[_DSEG]
   1 _DATA            size    0   flags C0C0
[page_c8]
   2 .dpc8            size   7E   flags 8584

