                              1 
                              2 ;;; gcc for m6809 : Feb 15 2016 21:40:10
                              3 ;;; 4.3.6 (gcc6809)
                              4 ;;; ABI version 1
                              5 ;;; -mint8
                              6 	.module	vec_ram_0xc8_2.c
                              7 ;----- asm -----
                              8 	.bank page_c8 (BASE=0xc800,SIZE=0x0080)
                              9 	.area .dpc8 (OVR,BANK=page_c8)
                             10 	
                             11 ;--- end asm ---
                             12 	.globl _Vec_Snd_shadow
                             13 	.area	.dpc8
   0000                      14 _Vec_Snd_shadow:
   0000 00 00                15 	.word	0	;skip space 31
   0002 00 00                16 	.word	0	;skip space 29
   0004 00 00                17 	.word	0	;skip space 27
   0006 00 00                18 	.word	0	;skip space 25
   0008 00 00                19 	.word	0	;skip space 23
   000A 00 00                20 	.word	0	;skip space 21
   000C 00 00                21 	.word	0	;skip space 19
   000E 00 00                22 	.word	0	;skip space 17
   0010 00 00                23 	.word	0	;skip space 15
   0012 00 00                24 	.word	0	;skip space 13
   0014 00 00                25 	.word	0	;skip space 11
   0016 00 00                26 	.word	0	;skip space 9
   0018 00 00                27 	.word	0	;skip space 7
   001A 00 00                28 	.word	0	;skip space 5
   001C 00 00                29 	.word	0	;skip space 3
   001E 00                   30 	.byte	0	;skip space
                             31 	.globl _Vec_Joy_Mux
   001F                      32 _Vec_Joy_Mux:
   001F 00 00                33 	.word	0	;skip space 15
   0021 00 00                34 	.word	0	;skip space 13
   0023 00 00                35 	.word	0	;skip space 11
   0025 00 00                36 	.word	0	;skip space 9
   0027 00 00                37 	.word	0	;skip space 7
   0029 00 00                38 	.word	0	;skip space 5
   002B 00 00                39 	.word	0	;skip space 3
   002D 00                   40 	.byte	0	;skip space
                             41 	.globl _Vec_Counters
   002E                      42 _Vec_Counters:
   002E 00 00                43 	.word	0	;skip space 48
   0030 00 00                44 	.word	0	;skip space 46
   0032 00 00                45 	.word	0	;skip space 44
   0034 00 00                46 	.word	0	;skip space 42
   0036 00 00                47 	.word	0	;skip space 40
   0038 00 00                48 	.word	0	;skip space 38
   003A 00 00                49 	.word	0	;skip space 36
   003C 00 00                50 	.word	0	;skip space 34
   003E 00 00                51 	.word	0	;skip space 32
   0040 00 00                52 	.word	0	;skip space 30
   0042 00 00                53 	.word	0	;skip space 28
   0044 00 00                54 	.word	0	;skip space 26
   0046 00 00                55 	.word	0	;skip space 24
   0048 00 00                56 	.word	0	;skip space 22
   004A 00 00                57 	.word	0	;skip space 20
   004C 00 00                58 	.word	0	;skip space 18
   004E 00 00                59 	.word	0	;skip space 16
   0050 00 00                60 	.word	0	;skip space 14
   0052 00 00                61 	.word	0	;skip space 12
   0054 00 00                62 	.word	0	;skip space 10
   0056 00 00                63 	.word	0	;skip space 8
   0058 00 00                64 	.word	0	;skip space 6
   005A 00 00                65 	.word	0	;skip space 4
   005C 00 00                66 	.word	0	;skip space 2
                             67 	.globl _Vec_XXX_09
   005E                      68 _Vec_XXX_09:
   005E 00                   69 	.byte	0	;skip space
ASxxxx Assembler V05.00  (Motorola 6809), page 1.
Hexidecimal [16-Bits]

Symbol Table

    .__.$$$.       =   2710 L   |     .__.ABS.       =   0000 G
    .__.CPU.       =   0000 L   |     .__.H$L.       =   0001 L
  2 _Vec_Counters      002E GR  |   2 _Vec_Joy_Mux       001F GR
  2 _Vec_Snd_shado     0000 GR  |   2 _Vec_XXX_09        005E GR

ASxxxx Assembler V05.00  (Motorola 6809), page 2.
Hexidecimal [16-Bits]

Area Table

[_CSEG]
   0 _CODE            size    0   flags C080
[_DSEG]
   1 _DATA            size    0   flags C0C0
[page_c8]
   2 .dpc8            size   5F   flags 8584

