                              1 
                              2 ;;; gcc for m6809 : Feb 15 2016 21:40:10
                              3 ;;; 4.3.6 (gcc6809)
                              4 ;;; ABI version 1
                              5 ;;; -mint8
                              6 	.module	vec_rum_0xf9.c
                              7 ;----- asm -----
                              8 	.bank page_f9 (BASE=0xf92e,SIZE=0x00d2)
                              9 	.area .0xf9 (OVR,BANK=page_f9)
                             10 	
                             11 ;--- end asm ---
                             12 	.globl ___Explosion_Snd
                             13 	.area	.0xf9
   0000                      14 ___Explosion_Snd:
   0000 00 00                15 	.word	0	;skip space 156
   0002 00 00                16 	.word	0	;skip space 154
   0004 00 00                17 	.word	0	;skip space 152
   0006 00 00                18 	.word	0	;skip space 150
   0008 00 00                19 	.word	0	;skip space 148
   000A 00 00                20 	.word	0	;skip space 146
   000C 00 00                21 	.word	0	;skip space 144
   000E 00 00                22 	.word	0	;skip space 142
   0010 00 00                23 	.word	0	;skip space 140
   0012 00 00                24 	.word	0	;skip space 138
   0014 00 00                25 	.word	0	;skip space 136
   0016 00 00                26 	.word	0	;skip space 134
   0018 00 00                27 	.word	0	;skip space 132
   001A 00 00                28 	.word	0	;skip space 130
   001C 00 00                29 	.word	0	;skip space 128
   001E 00 00                30 	.word	0	;skip space 126
   0020 00 00                31 	.word	0	;skip space 124
   0022 00 00                32 	.word	0	;skip space 122
   0024 00 00                33 	.word	0	;skip space 120
   0026 00 00                34 	.word	0	;skip space 118
   0028 00 00                35 	.word	0	;skip space 116
   002A 00 00                36 	.word	0	;skip space 114
   002C 00 00                37 	.word	0	;skip space 112
   002E 00 00                38 	.word	0	;skip space 110
   0030 00 00                39 	.word	0	;skip space 108
   0032 00 00                40 	.word	0	;skip space 106
   0034 00 00                41 	.word	0	;skip space 104
   0036 00 00                42 	.word	0	;skip space 102
   0038 00 00                43 	.word	0	;skip space 100
   003A 00 00                44 	.word	0	;skip space 98
   003C 00 00                45 	.word	0	;skip space 96
   003E 00 00                46 	.word	0	;skip space 94
   0040 00 00                47 	.word	0	;skip space 92
   0042 00 00                48 	.word	0	;skip space 90
   0044 00 00                49 	.word	0	;skip space 88
   0046 00 00                50 	.word	0	;skip space 86
   0048 00 00                51 	.word	0	;skip space 84
   004A 00 00                52 	.word	0	;skip space 82
   004C 00 00                53 	.word	0	;skip space 80
   004E 00 00                54 	.word	0	;skip space 78
   0050 00 00                55 	.word	0	;skip space 76
   0052 00 00                56 	.word	0	;skip space 74
   0054 00 00                57 	.word	0	;skip space 72
   0056 00 00                58 	.word	0	;skip space 70
   0058 00 00                59 	.word	0	;skip space 68
   005A 00 00                60 	.word	0	;skip space 66
   005C 00 00                61 	.word	0	;skip space 64
   005E 00 00                62 	.word	0	;skip space 62
   0060 00 00                63 	.word	0	;skip space 60
   0062 00 00                64 	.word	0	;skip space 58
   0064 00 00                65 	.word	0	;skip space 56
   0066 00 00                66 	.word	0	;skip space 54
   0068 00 00                67 	.word	0	;skip space 52
   006A 00 00                68 	.word	0	;skip space 50
   006C 00 00                69 	.word	0	;skip space 48
   006E 00 00                70 	.word	0	;skip space 46
   0070 00 00                71 	.word	0	;skip space 44
   0072 00 00                72 	.word	0	;skip space 42
   0074 00 00                73 	.word	0	;skip space 40
   0076 00 00                74 	.word	0	;skip space 38
   0078 00 00                75 	.word	0	;skip space 36
   007A 00 00                76 	.word	0	;skip space 34
   007C 00 00                77 	.word	0	;skip space 32
   007E 00 00                78 	.word	0	;skip space 30
   0080 00 00                79 	.word	0	;skip space 28
   0082 00 00                80 	.word	0	;skip space 26
   0084 00 00                81 	.word	0	;skip space 24
   0086 00 00                82 	.word	0	;skip space 22
   0088 00 00                83 	.word	0	;skip space 20
   008A 00 00                84 	.word	0	;skip space 18
   008C 00 00                85 	.word	0	;skip space 16
   008E 00 00                86 	.word	0	;skip space 14
   0090 00 00                87 	.word	0	;skip space 12
   0092 00 00                88 	.word	0	;skip space 10
   0094 00 00                89 	.word	0	;skip space 8
   0096 00 00                90 	.word	0	;skip space 6
   0098 00 00                91 	.word	0	;skip space 4
   009A 00 00                92 	.word	0	;skip space 2
                             93 	.globl ___Set_Amp
   009C                      94 ___Set_Amp:
   009C 00                   95 	.byte	0	;skip space
ASxxxx Assembler V05.00  (Motorola 6809), page 1.
Hexidecimal [16-Bits]

Symbol Table

    .__.$$$.       =   2710 L   |     .__.ABS.       =   0000 G
    .__.CPU.       =   0000 L   |     .__.H$L.       =   0001 L
  2 ___Explosion_S     0000 GR  |   2 ___Set_Amp         009C GR

ASxxxx Assembler V05.00  (Motorola 6809), page 2.
Hexidecimal [16-Bits]

Area Table

[_CSEG]
   0 _CODE            size    0   flags C080
[_DSEG]
   1 _DATA            size    0   flags C0C0
[page_f9]
   2 .0xf9            size   9D   flags 8584

